// Jest Snapshot v1, https://goo.gl/fbAQLP

exports[`Footer.vue should match snapshot 1`] = `
<v-footer
  height="auto"
>
  <v-layout
    class="grey darken-3"
    justify-center=""
    row=""
    wrap=""
  >
    <v-btn
      href="https://github.com/NoxFr/training-kotlin-vuejs"
      icon=""
    >
      <v-icon
        size="24px"
      >
        fab fa-github
      </v-icon>
    </v-btn>
    <v-btn
      href="http://twitter.com/NoxFr"
      icon=""
    >
      <v-icon
        size="24px"
      >
        fab fa-twitter
      </v-icon>
    </v-btn>
    <v-btn
      href="https://www.linkedin.com/in/mathieu-durand-260104137/"
      icon=""
    >
      <v-icon
        size="24px"
      >
        fab fa-linkedin
      </v-icon>
    </v-btn>
     
    <v-flex
      py-3=""
      text-xs-center=""
      white--text=""
      xs12=""
    >
      
          ©2018 — 
      <strong>
        Beers
      </strong>
    </v-flex>
  </v-layout>
</v-footer>
`;
