// Jest Snapshot v1, https://goo.gl/fbAQLP

exports[`Main.vue should match snapshot 1`] = `
<div
  class="container grid-list-xl"
>
  <div
    class="layout row justify-center mb-5"
  >
    <div
      class="dialog__container"
      style="display: inline-block;"
    >
      <div
        class="dialog__activator"
      >
        <button
          class="btn btn--small beer"
          raised=""
          type="button"
        >
          <div
            class="btn__content"
          >
            Add a beer
          </div>
        </button>
      </div>
      <div
        class="dialog__content"
        style="z-index: 0;"
        tabindex="-1"
      >
        <div
          class="dialog dialog--persistent"
          style="max-width: 500px; display: none;"
        >
           
          <form
            novalidate="novalidate"
          >
            <div
              class="card"
              style="height: auto;"
            >
              <div
                class="card__title"
              >
                <span
                  class="headline"
                >
                  My awesome beer
                </span>
                 
                <div
                  class="card__text"
                >
                  <div
                    class="container grid-list-md"
                  >
                    <div
                      class="layout wrap"
                    >
                      <div
                        class="flex xs12 sm6 md4"
                      >
                        <div
                          class="input-group input-group--required input-group--text-field primary--text"
                        >
                          <label>
                            Name
                          </label>
                          <div
                            class="input-group__input"
                          >
                            <input
                              aria-label="Name"
                              required="required"
                              tabindex="0"
                              type="text"
                            />
                          </div>
                          <div
                            class="input-group__details"
                          >
                            <!---->
                          </div>
                        </div>
                      </div>
                       
                      <div
                        class="flex xs12 sm6 md4"
                      >
                        <div
                          class="input-group input-group--text-field primary--text"
                        >
                          <label>
                            Country
                          </label>
                          <div
                            class="input-group__input"
                          >
                            <input
                              aria-label="Country"
                              tabindex="0"
                              type="text"
                            />
                          </div>
                          <div
                            class="input-group__details"
                          >
                            <!---->
                          </div>
                        </div>
                      </div>
                    </div>
                  </div>
                   
                  <small>
                    *indicates required field
                  </small>
                </div>
              </div>
               
              <div
                class="card__actions"
              >
                <div
                  class="spacer"
                />
                 
                <button
                  class="btn btn--flat blue--text text--darken-1"
                  type="button"
                >
                  <div
                    class="btn__content"
                  >
                    Close
                  </div>
                </button>
                 
                <button
                  class="btn btn--flat blue--text text--darken-1"
                  type="button"
                >
                  <div
                    class="btn__content"
                  >
                    Save
                  </div>
                </button>
              </div>
            </div>
          </form>
        </div>
      </div>
    </div>
  </div>
   
  <div
    id="container"
  >
    <div
      class="elevation-5"
    >
      <div
        class="table__overflow"
      >
        <table
          class="datatable table"
        >
          <thead>
            <tr>
              <th
                aria-label="Name: Sorted ascending. Activate to sort descending."
                aria-sort="ascending"
                class="column sortable active asc text-xs-left"
                role="columnheader"
                scope="col"
                tabindex="0"
              >
                Name
                <i
                  aria-hidden="true"
                  class="icon material-icons"
                  style="font-size: 16px;"
                >
                  arrow_upward
                </i>
              </th>
              <th
                aria-label="From: Not sorted. Activate to sort ascending."
                aria-sort="none"
                class="column sortable text-xs-left"
                role="columnheader"
                scope="col"
                tabindex="0"
              >
                From
                <i
                  aria-hidden="true"
                  class="icon material-icons"
                  style="font-size: 16px;"
                >
                  arrow_upward
                </i>
              </th>
            </tr>
            <tr
              class="datatable__progress"
            >
              <th
                class="column"
                colspan="2"
              />
            </tr>
          </thead>
          <tbody>
            <tr>
              <td
                class=""
                colspan="2"
              >
                <div
                  class="alert error"
                >
                  <i
                    aria-hidden="true"
                    class="icon material-icons alert__icon"
                  >
                    warning
                  </i>
                  <div>
                    
        No more beers :(
      
                  </div>
                </div>
              </td>
            </tr>
          </tbody>
        </table>
      </div>
      <div
        class="datatable table"
      >
        <div
          class="datatable__actions"
        >
          <div
            class="datatable__actions__select"
          >
            Rows per page:
            <div
              aria-label="Rows per page:"
              class="input-group input-group--dirty input-group--append-icon input-group--hide-details input-group--text-field input-group--select input-group--auto primary--text"
              data-uid="18"
              role="combobox"
              tabindex="0"
            >
              <div
                class="input-group__input"
              >
                <div
                  class="input-group__selections"
                  style="overflow: hidden;"
                >
                  <div
                    class="input-group__selections__comma"
                  >
                    5
                  </div>
                  <input
                    aria-label="Rows per page:"
                    class="input-group--select__autocomplete"
                    disabled="disabled"
                    style="display: none;"
                    tabindex="-1"
                  />
                </div>
                <div
                  class="menu"
                  style="display: inline-block;"
                >
                  <div
                    class="menu__content menu__content--select menu__content--auto"
                    style="max-height: 200px; min-width: 75px; max-width: auto; top: 18px; left: 12px; z-index: 0; display: none;"
                  >
                    <div
                      class="card"
                      style="height: auto;"
                    >
                      <div
                        class="list"
                      >
                        <div>
                          <a
                            class="list__tile list__tile--link list__tile--active primary--text"
                          >
                            <div
                              class="list__tile__content"
                            >
                              <div
                                class="list__tile__title"
                              >
                                5
                              </div>
                            </div>
                          </a>
                        </div>
                        <div>
                          <a
                            class="list__tile list__tile--link"
                          >
                            <div
                              class="list__tile__content"
                            >
                              <div
                                class="list__tile__title"
                              >
                                10
                              </div>
                            </div>
                          </a>
                        </div>
                        <div>
                          <a
                            class="list__tile list__tile--link"
                          >
                            <div
                              class="list__tile__content"
                            >
                              <div
                                class="list__tile__title"
                              >
                                25
                              </div>
                            </div>
                          </a>
                        </div>
                        <div>
                          <a
                            class="list__tile list__tile--link"
                          >
                            <div
                              class="list__tile__content"
                            >
                              <div
                                class="list__tile__title"
                              >
                                All
                              </div>
                            </div>
                          </a>
                        </div>
                      </div>
                    </div>
                  </div>
                </div>
                <i
                  aria-hidden="true"
                  class="icon material-icons input-group__append-icon input-group__icon-cb"
                >
                  arrow_drop_down
                </i>
              </div>
              <div
                class="input-group__details"
              />
            </div>
          </div>
          <div
            class="datatable__actions__range-controls"
          >
            <div
              class="datatable__actions__pagination"
            >
              –
            </div>
            <button
              aria-label="Previous page"
              class="btn btn--disabled btn--flat btn--icon"
              disabled="disabled"
              type="button"
            >
              <div
                class="btn__content"
              >
                <i
                  aria-hidden="true"
                  class="icon material-icons"
                >
                  chevron_left
                </i>
              </div>
            </button>
            <button
              aria-label="Next page"
              class="btn btn--disabled btn--flat btn--icon"
              disabled="disabled"
              type="button"
            >
              <div
                class="btn__content"
              >
                <i
                  aria-hidden="true"
                  class="icon material-icons"
                >
                  chevron_right
                </i>
              </div>
            </button>
          </div>
        </div>
      </div>
    </div>
  </div>
</div>
`;
